To honour the JVM settings for this build a single-use Daemon process will be forked. For more on this, please refer to https://docs.gradle.org/8.10.2/userguide/gradle_daemon.html#sec:disabling_the_daemon in the Gradle documentation.
Daemon will be stopped at the end of the build 

> Configure project :fabric
Fabric Loom: 1.7.4

> Configure project :neoforge
-------------------------------------
NeoGradle detected a problem with your project: Run.getProgramArguments()
Details: The method getProgramArguments() is deprecated and will be removed in the future
Potential Solution: Use getArguments() instead of getProgramArguments()
More information: https://github.com/neoforged/NeoGradle/blob/NG_7.0/README.md#common-runs-configuration-types-configure-by-type
-------------------------------------

> Configure project :quilt
Fabric Loom: 1.7.4

> Task :common:compileJava UP-TO-DATE
> Task :common:processResources UP-TO-DATE
> Task :common:classes UP-TO-DATE
> Task :common:compileTestJava UP-TO-DATE
> Task :common:processTestResources NO-SOURCE
> Task :common:testClasses UP-TO-DATE

> Task :common:test

CommonConfigTest > testInteractableBlocksDefaults() PASSED

CommonConfigTest > testLoadFromPartialToml(Path) PASSED

CommonConfigTest > testDefaultValues() PASSED

CommonConfigTest > testSingletonPattern() PASSED

CommonConfigTest > testLoadFromMissingFile(Path) FAILED
    java.lang.UnsupportedOperationException
        at java.base/java.util.ImmutableCollections.uoe(ImmutableCollections.java:142)
        at java.base/java.util.ImmutableCollections$AbstractImmutableCollection.clear(ImmutableCollections.java:149)
        at com.karashi.limitedspectator.CommonConfig.loadDefaults(CommonConfig.java:248)
        at com.karashi.limitedspectator.CommonConfig.loadFromFile(CommonConfig.java:70)
        at com.karashi.limitedspectator.CommonConfigTest.testLoadFromMissingFile(CommonConfigTest.java:176)

CommonConfigTest > testLoadFromValidTomlFile(Path) FAILED
    java.lang.UnsupportedOperationException
        at java.base/java.util.ImmutableCollections.uoe(ImmutableCollections.java:142)
        at java.base/java.util.ImmutableCollections$AbstractImmutableCollection.clear(ImmutableCollections.java:149)
        at com.karashi.limitedspectator.CommonConfig.parseBlockArray(CommonConfig.java:221)
        at com.karashi.limitedspectator.CommonConfig.parseConfigValue(CommonConfig.java:167)
        at com.karashi.limitedspectator.CommonConfig.parseToml(CommonConfig.java:106)
        at com.karashi.limitedspectator.CommonConfig.loadFromFile(CommonConfig.java:67)
        at com.karashi.limitedspectator.CommonConfigTest.testLoadFromValidTomlFile(CommonConfigTest.java:144)

CommonConfigTest > testPermissionLevelBounds(Path) PASSED

CommonConfigTest > testMaxDistanceValues(double) > [1] -1.0 FAILED
    org.opentest4j.AssertionFailedError: expected: <-1.0> but was: <75.0>
        at app//org.junit.jupiter.api.AssertionFailureBuilder.build(AssertionFailureBuilder.java:151)
        at app//org.junit.jupiter.api.AssertionFailureBuilder.buildAndThrow(AssertionFailureBuilder.java:132)
        at app//org.junit.jupiter.api.AssertEquals.failNotEqual(AssertEquals.java:197)
        at app//org.junit.jupiter.api.AssertEquals.assertEquals(AssertEquals.java:70)
        at app//org.junit.jupiter.api.AssertEquals.assertEquals(AssertEquals.java:65)
        at app//org.junit.jupiter.api.Assertions.assertEquals(Assertions.java:889)
        at app//com.karashi.limitedspectator.CommonConfigTest.testMaxDistanceValues(CommonConfigTest.java:235)

CommonConfigTest > testMaxDistanceValues(double) > [2] 0.0 FAILED
    org.opentest4j.AssertionFailedError: expected: <0.0> but was: <75.0>
        at app//org.junit.jupiter.api.AssertionFailureBuilder.build(AssertionFailureBuilder.java:151)
        at app//org.junit.jupiter.api.AssertionFailureBuilder.buildAndThrow(AssertionFailureBuilder.java:132)
        at app//org.junit.jupiter.api.AssertEquals.failNotEqual(AssertEquals.java:197)
        at app//org.junit.jupiter.api.AssertEquals.assertEquals(AssertEquals.java:70)
        at app//org.junit.jupiter.api.AssertEquals.assertEquals(AssertEquals.java:65)
        at app//org.junit.jupiter.api.Assertions.assertEquals(Assertions.java:889)
        at app//com.karashi.limitedspectator.CommonConfigTest.testMaxDistanceValues(CommonConfigTest.java:235)

CommonConfigTest > testMaxDistanceValues(double) > [3] 50.0 FAILED
    org.opentest4j.AssertionFailedError: expected: <50.0> but was: <75.0>
        at app//org.junit.jupiter.api.AssertionFailureBuilder.build(AssertionFailureBuilder.java:151)
        at app//org.junit.jupiter.api.AssertionFailureBuilder.buildAndThrow(AssertionFailureBuilder.java:132)
        at app//org.junit.jupiter.api.AssertEquals.failNotEqual(AssertEquals.java:197)
        at app//org.junit.jupiter.api.AssertEquals.assertEquals(AssertEquals.java:70)
        at app//org.junit.jupiter.api.AssertEquals.assertEquals(AssertEquals.java:65)
        at app//org.junit.jupiter.api.Assertions.assertEquals(Assertions.java:889)
        at app//com.karashi.limitedspectator.CommonConfigTest.testMaxDistanceValues(CommonConfigTest.java:235)

CommonConfigTest > testMaxDistanceValues(double) > [4] 100.0 FAILED
    org.opentest4j.AssertionFailedError: expected: <100.0> but was: <75.0>
        at app//org.junit.jupiter.api.AssertionFailureBuilder.build(AssertionFailureBuilder.java:151)
        at app//org.junit.jupiter.api.AssertionFailureBuilder.buildAndThrow(AssertionFailureBuilder.java:132)
        at app//org.junit.jupiter.api.AssertEquals.failNotEqual(AssertEquals.java:197)
        at app//org.junit.jupiter.api.AssertEquals.assertEquals(AssertEquals.java:70)
        at app//org.junit.jupiter.api.AssertEquals.assertEquals(AssertEquals.java:65)
        at app//org.junit.jupiter.api.Assertions.assertEquals(Assertions.java:889)
        at app//com.karashi.limitedspectator.CommonConfigTest.testMaxDistanceValues(CommonConfigTest.java:235)

CommonConfigTest > testMaxDistanceValues(double) > [5] 1000.0 FAILED
    org.opentest4j.AssertionFailedError: expected: <1000.0> but was: <75.0>
        at app//org.junit.jupiter.api.AssertionFailureBuilder.build(AssertionFailureBuilder.java:151)
        at app//org.junit.jupiter.api.AssertionFailureBuilder.buildAndThrow(AssertionFailureBuilder.java:132)
        at app//org.junit.jupiter.api.AssertEquals.failNotEqual(AssertEquals.java:197)
        at app//org.junit.jupiter.api.AssertEquals.assertEquals(AssertEquals.java:70)
        at app//org.junit.jupiter.api.AssertEquals.assertEquals(AssertEquals.java:65)
        at app//org.junit.jupiter.api.Assertions.assertEquals(Assertions.java:889)
        at app//com.karashi.limitedspectator.CommonConfigTest.testMaxDistanceValues(CommonConfigTest.java:235)

CommonConfigTest > testLoadFromInvalidToml(Path) PASSED

CommonConfigTest > testGamemodeValues(Path) PASSED

CommonConfigTest > testMultipleInteractableBlocks(Path) FAILED
    org.opentest4j.AssertionFailedError: expected: <5> but was: <35>
        at app//org.junit.jupiter.api.AssertionFailureBuilder.build(AssertionFailureBuilder.java:151)
        at app//org.junit.jupiter.api.AssertionFailureBuilder.buildAndThrow(AssertionFailureBuilder.java:132)
        at app//org.junit.jupiter.api.AssertEquals.failNotEqual(AssertEquals.java:197)
        at app//org.junit.jupiter.api.AssertEquals.assertEquals(AssertEquals.java:150)
        at app//org.junit.jupiter.api.AssertEquals.assertEquals(AssertEquals.java:145)
        at app//org.junit.jupiter.api.Assertions.assertEquals(Assertions.java:531)
        at app//com.karashi.limitedspectator.CommonConfigTest.testMultipleInteractableBlocks(CommonConfigTest.java:320)

CommonConfigTest > testEmptyInteractableBlocks(Path) FAILED
    java.lang.UnsupportedOperationException
        at java.base/java.util.ImmutableCollections.uoe(ImmutableCollections.java:142)
        at java.base/java.util.ImmutableCollections$AbstractImmutableCollection.clear(ImmutableCollections.java:149)
        at com.karashi.limitedspectator.CommonConfig.parseBlockArray(CommonConfig.java:221)
        at com.karashi.limitedspectator.CommonConfig.parseConfigValue(CommonConfig.java:167)
        at com.karashi.limitedspectator.CommonConfig.parseToml(CommonConfig.java:106)
        at com.karashi.limitedspectator.CommonConfig.loadFromFile(CommonConfig.java:67)
        at com.karashi.limitedspectator.CommonConfigTest.testEmptyInteractableBlocks(CommonConfigTest.java:251)

ConfigReloadWatcherTest > testWatcherCreation() PASSED

ConfigReloadWatcherTest > testStopWithoutStart() PASSED

ConfigReloadWatcherTest > testReloadWithMissingFile() PASSED

ConfigReloadWatcherTest > testManualReload() PASSED

ConfigReloadWatcherTest > testMultipleStarts() PASSED

ConfigReloadWatcherTest > testConcurrentReloads() PASSED

ConfigReloadWatcherTest > testWatcherWithNonExistentFile(Path) PASSED

ConfigReloadWatcherTest > testStartAndStop() PASSED

ConfigReloadWatcherTest > testReloadWithInvalidFile() PASSED

ConfigReloadWatcherTest > testMultipleStops() PASSED

ConfigReloadWatcherTest > testWatcherLifecycle() PASSED

ConfigReloadWatcherTest > testNoReloadWhenFileUnchanged() PASSED

ConfigReloadWatcherTest > testReloadPreservesOtherSettings() PASSED

ConfigReloadWatcherTest > testFileChangeDetection() PASSED
.\gradlew.bat : 
In riga:1 car:1
+ .\gradlew.bat :common:test --no-daemon 2>&1 | Out-File -FilePath test ...
+ ~~~~~~~~~~~~~~~~~~~~~~~~~~~~~~~~~~~~~~~~~~~
    + CategoryInfo          : NotSpecified: (:String) [], RemoteException
    + FullyQualifiedErrorId : NativeCommandError
 
30 tests completed, 9 failed

> Task :common:test FAILED

FAILURE: Build failed with an exception.

* What went wrong:
Execution failed for task ':common:test'.
> There were failing tests. See the report at: file:///C:/Users/Administrator/Documents/GitHub/MDK-1.21-ModDevGradle-main/common/build/reports/tests/test/index.html

* Try:
> Run with --scan to get full insights.

Deprecated Gradle features were used in this build, making it incompatible with Gradle 9.0.

You can use '--warning-mode all' to show the individual deprecation warnings and determine if they come from your own scripts or plugins.

For more on this, please refer to https://docs.gradle.org/8.10.2/userguide/command_line_interface.html#sec:command_line_warnings in the Gradle documentation.
4 actionable tasks: 1 executed, 3 up-to-date

BUILD FAILED in 23s
